=== Code Build Log ===
Date: 2025-10-21 21:05:48
Service: devcenter
Service Path: D:\work\sdk2\verify_azure_generator\..\sdk\devcenter\Azure.Developer.DevCenter
Command: dotnet build
Exit Code: 1

=== Build Output ===
  Determining projects to restore...
  All projects are up-to-date for restore.
D:\work\sdk2\sdk\devcenter\Azure.Developer.DevCenter\src\Custom\DeploymentEnvironmentsClient.cs(11,7): error CS0246: The type or namespace name 'Autorest' could not be found (are you missing a using directive or an assembly reference?) [D:\work\sdk2\sdk\devcenter\Azure.Developer.DevCenter\src\Azure.Developer.DevCenter.csproj::TargetFramework=net8.0]
D:\work\sdk2\sdk\devcenter\Azure.Developer.DevCenter\src\Custom\DevCenterClientBuilderExtensions.cs(8,6): error CS0246: The type or namespace name 'CodeGenClientAttribute' could not be found (are you missing a using directive or an assembly reference?) [D:\work\sdk2\sdk\devcenter\Azure.Developer.DevCenter\src\Azure.Developer.DevCenter.csproj::TargetFramework=net8.0]
D:\work\sdk2\sdk\devcenter\Azure.Developer.DevCenter\src\Custom\DevCenterClientBuilderExtensions.cs(8,6): error CS0246: The type or namespace name 'CodeGenClient' could not be found (are you missing a using directive or an assembly reference?) [D:\work\sdk2\sdk\devcenter\Azure.Developer.DevCenter\src\Azure.Developer.DevCenter.csproj::TargetFramework=net8.0]
D:\work\sdk2\sdk\devcenter\Azure.Developer.DevCenter\src\Custom\DevCenterModelFactory.cs(8,6): error CS0246: The type or namespace name 'CodeGenClientAttribute' could not be found (are you missing a using directive or an assembly reference?) [D:\work\sdk2\sdk\devcenter\Azure.Developer.DevCenter\src\Azure.Developer.DevCenter.csproj::TargetFramework=net8.0]
D:\work\sdk2\sdk\devcenter\Azure.Developer.DevCenter\src\Custom\DevCenterModelFactory.cs(8,6): error CS0246: The type or namespace name 'CodeGenClient' could not be found (are you missing a using directive or an assembly reference?) [D:\work\sdk2\sdk\devcenter\Azure.Developer.DevCenter\src\Azure.Developer.DevCenter.csproj::TargetFramework=net8.0]
D:\work\sdk2\sdk\devcenter\Azure.Developer.DevCenter\src\Custom\DevCenterClientOptions.cs(8,6): error CS0246: The type or namespace name 'CodeGenClientAttribute' could not be found (are you missing a using directive or an assembly reference?) [D:\work\sdk2\sdk\devcenter\Azure.Developer.DevCenter\src\Azure.Developer.DevCenter.csproj::TargetFramework=net8.0]
D:\work\sdk2\sdk\devcenter\Azure.Developer.DevCenter\src\Custom\DevCenterClientOptions.cs(8,6): error CS0246: The type or namespace name 'CodeGenClient' could not be found (are you missing a using directive or an assembly reference?) [D:\work\sdk2\sdk\devcenter\Azure.Developer.DevCenter\src\Azure.Developer.DevCenter.csproj::TargetFramework=net8.0]
  Azure.Core.TestFramework -> D:\work\sdk2\artifacts\bin\Azure.Core.TestFramework\Debug\net8.0\Azure.Core.TestFramework.dll
  Azure.Core.TestFramework -> D:\work\sdk2\artifacts\bin\Azure.Core.TestFramework\Debug\net9.0\Azure.Core.TestFramework.dll
  Azure.Test.Perf -> D:\work\sdk2\artifacts\bin\Azure.Test.Perf\Debug\net8.0\Azure.Test.Perf.dll
  Azure.Test.Perf -> D:\work\sdk2\artifacts\bin\Azure.Test.Perf\Debug\net9.0\Azure.Test.Perf.dll
D:\work\sdk2\sdk\devcenter\Azure.Developer.DevCenter\src\Custom\DeploymentEnvironmentsClient.cs(11,7): error CS0246: The type or namespace name 'Autorest' could not be found (are you missing a using directive or an assembly reference?) [D:\work\sdk2\sdk\devcenter\Azure.Developer.DevCenter\src\Azure.Developer.DevCenter.csproj::TargetFramework=netstandard2.0]
D:\work\sdk2\sdk\devcenter\Azure.Developer.DevCenter\src\Custom\DevCenterClientBuilderExtensions.cs(8,6): error CS0246: The type or namespace name 'CodeGenClientAttribute' could not be found (are you missing a using directive or an assembly reference?) [D:\work\sdk2\sdk\devcenter\Azure.Developer.DevCenter\src\Azure.Developer.DevCenter.csproj::TargetFramework=netstandard2.0]
D:\work\sdk2\sdk\devcenter\Azure.Developer.DevCenter\src\Custom\DevCenterClientBuilderExtensions.cs(8,6): error CS0246: The type or namespace name 'CodeGenClient' could not be found (are you missing a using directive or an assembly reference?) [D:\work\sdk2\sdk\devcenter\Azure.Developer.DevCenter\src\Azure.Developer.DevCenter.csproj::TargetFramework=netstandard2.0]
D:\work\sdk2\sdk\devcenter\Azure.Developer.DevCenter\src\Custom\DevCenterModelFactory.cs(8,6): error CS0246: The type or namespace name 'CodeGenClientAttribute' could not be found (are you missing a using directive or an assembly reference?) [D:\work\sdk2\sdk\devcenter\Azure.Developer.DevCenter\src\Azure.Developer.DevCenter.csproj::TargetFramework=netstandard2.0]
D:\work\sdk2\sdk\devcenter\Azure.Developer.DevCenter\src\Custom\DevCenterModelFactory.cs(8,6): error CS0246: The type or namespace name 'CodeGenClient' could not be found (are you missing a using directive or an assembly reference?) [D:\work\sdk2\sdk\devcenter\Azure.Developer.DevCenter\src\Azure.Developer.DevCenter.csproj::TargetFramework=netstandard2.0]
D:\work\sdk2\sdk\devcenter\Azure.Developer.DevCenter\src\Custom\DevCenterClientOptions.cs(8,6): error CS0246: The type or namespace name 'CodeGenClientAttribute' could not be found (are you missing a using directive or an assembly reference?) [D:\work\sdk2\sdk\devcenter\Azure.Developer.DevCenter\src\Azure.Developer.DevCenter.csproj::TargetFramework=netstandard2.0]
D:\work\sdk2\sdk\devcenter\Azure.Developer.DevCenter\src\Custom\DevCenterClientOptions.cs(8,6): error CS0246: The type or namespace name 'CodeGenClient' could not be found (are you missing a using directive or an assembly reference?) [D:\work\sdk2\sdk\devcenter\Azure.Developer.DevCenter\src\Azure.Developer.DevCenter.csproj::TargetFramework=netstandard2.0]
  Azure.Core.TestFramework -> D:\work\sdk2\artifacts\bin\Azure.Core.TestFramework\Debug\net462\Azure.Core.TestFramework.dll
  Azure.Core.TestFramework -> D:\work\sdk2\artifacts\bin\Azure.Core.TestFramework\Debug\net47\Azure.Core.TestFramework.dll
  Azure.Test.Perf -> D:\work\sdk2\artifacts\bin\Azure.Test.Perf\Debug\net462\Azure.Test.Perf.dll

Build FAILED.

D:\work\sdk2\sdk\devcenter\Azure.Developer.DevCenter\src\Custom\DeploymentEnvironmentsClient.cs(11,7): error CS0246: The type or namespace name 'Autorest' could not be found (are you missing a using directive or an assembly reference?) [D:\work\sdk2\sdk\devcenter\Azure.Developer.DevCenter\src\Azure.Developer.DevCenter.csproj::TargetFramework=net8.0]
D:\work\sdk2\sdk\devcenter\Azure.Developer.DevCenter\src\Custom\DevCenterClientBuilderExtensions.cs(8,6): error CS0246: The type or namespace name 'CodeGenClientAttribute' could not be found (are you missing a using directive or an assembly reference?) [D:\work\sdk2\sdk\devcenter\Azure.Developer.DevCenter\src\Azure.Developer.DevCenter.csproj::TargetFramework=net8.0]
D:\work\sdk2\sdk\devcenter\Azure.Developer.DevCenter\src\Custom\DevCenterClientBuilderExtensions.cs(8,6): error CS0246: The type or namespace name 'CodeGenClient' could not be found (are you missing a using directive or an assembly reference?) [D:\work\sdk2\sdk\devcenter\Azure.Developer.DevCenter\src\Azure.Developer.DevCenter.csproj::TargetFramework=net8.0]
D:\work\sdk2\sdk\devcenter\Azure.Developer.DevCenter\src\Custom\DevCenterModelFactory.cs(8,6): error CS0246: The type or namespace name 'CodeGenClientAttribute' could not be found (are you missing a using directive or an assembly reference?) [D:\work\sdk2\sdk\devcenter\Azure.Developer.DevCenter\src\Azure.Developer.DevCenter.csproj::TargetFramework=net8.0]
D:\work\sdk2\sdk\devcenter\Azure.Developer.DevCenter\src\Custom\DevCenterModelFactory.cs(8,6): error CS0246: The type or namespace name 'CodeGenClient' could not be found (are you missing a using directive or an assembly reference?) [D:\work\sdk2\sdk\devcenter\Azure.Developer.DevCenter\src\Azure.Developer.DevCenter.csproj::TargetFramework=net8.0]
D:\work\sdk2\sdk\devcenter\Azure.Developer.DevCenter\src\Custom\DevCenterClientOptions.cs(8,6): error CS0246: The type or namespace name 'CodeGenClientAttribute' could not be found (are you missing a using directive or an assembly reference?) [D:\work\sdk2\sdk\devcenter\Azure.Developer.DevCenter\src\Azure.Developer.DevCenter.csproj::TargetFramework=net8.0]
D:\work\sdk2\sdk\devcenter\Azure.Developer.DevCenter\src\Custom\DevCenterClientOptions.cs(8,6): error CS0246: The type or namespace name 'CodeGenClient' could not be found (are you missing a using directive or an assembly reference?) [D:\work\sdk2\sdk\devcenter\Azure.Developer.DevCenter\src\Azure.Developer.DevCenter.csproj::TargetFramework=net8.0]
D:\work\sdk2\sdk\devcenter\Azure.Developer.DevCenter\src\Custom\DeploymentEnvironmentsClient.cs(11,7): error CS0246: The type or namespace name 'Autorest' could not be found (are you missing a using directive or an assembly reference?) [D:\work\sdk2\sdk\devcenter\Azure.Developer.DevCenter\src\Azure.Developer.DevCenter.csproj::TargetFramework=netstandard2.0]
D:\work\sdk2\sdk\devcenter\Azure.Developer.DevCenter\src\Custom\DevCenterClientBuilderExtensions.cs(8,6): error CS0246: The type or namespace name 'CodeGenClientAttribute' could not be found (are you missing a using directive or an assembly reference?) [D:\work\sdk2\sdk\devcenter\Azure.Developer.DevCenter\src\Azure.Developer.DevCenter.csproj::TargetFramework=netstandard2.0]
D:\work\sdk2\sdk\devcenter\Azure.Developer.DevCenter\src\Custom\DevCenterClientBuilderExtensions.cs(8,6): error CS0246: The type or namespace name 'CodeGenClient' could not be found (are you missing a using directive or an assembly reference?) [D:\work\sdk2\sdk\devcenter\Azure.Developer.DevCenter\src\Azure.Developer.DevCenter.csproj::TargetFramework=netstandard2.0]
D:\work\sdk2\sdk\devcenter\Azure.Developer.DevCenter\src\Custom\DevCenterModelFactory.cs(8,6): error CS0246: The type or namespace name 'CodeGenClientAttribute' could not be found (are you missing a using directive or an assembly reference?) [D:\work\sdk2\sdk\devcenter\Azure.Developer.DevCenter\src\Azure.Developer.DevCenter.csproj::TargetFramework=netstandard2.0]
D:\work\sdk2\sdk\devcenter\Azure.Developer.DevCenter\src\Custom\DevCenterModelFactory.cs(8,6): error CS0246: The type or namespace name 'CodeGenClient' could not be found (are you missing a using directive or an assembly reference?) [D:\work\sdk2\sdk\devcenter\Azure.Developer.DevCenter\src\Azure.Developer.DevCenter.csproj::TargetFramework=netstandard2.0]
D:\work\sdk2\sdk\devcenter\Azure.Developer.DevCenter\src\Custom\DevCenterClientOptions.cs(8,6): error CS0246: The type or namespace name 'CodeGenClientAttribute' could not be found (are you missing a using directive or an assembly reference?) [D:\work\sdk2\sdk\devcenter\Azure.Developer.DevCenter\src\Azure.Developer.DevCenter.csproj::TargetFramework=netstandard2.0]
D:\work\sdk2\sdk\devcenter\Azure.Developer.DevCenter\src\Custom\DevCenterClientOptions.cs(8,6): error CS0246: The type or namespace name 'CodeGenClient' could not be found (are you missing a using directive or an assembly reference?) [D:\work\sdk2\sdk\devcenter\Azure.Developer.DevCenter\src\Azure.Developer.DevCenter.csproj::TargetFramework=netstandard2.0]
    0 Warning(s)
    14 Error(s)

Time Elapsed 00:00:05.24

