=== Code Build Log ===
Date: 2025-10-21 20:36:25
Service: anomalydetector
Service Path: D:\work\sdk2\verify_azure_generator\..\sdk\anomalydetector\Azure.AI.AnomalyDetector
Command: dotnet build
Exit Code: 1

=== Build Output ===
  Determining projects to restore...
  All projects are up-to-date for restore.
D:\work\sdk2\sdk\anomalydetector\Azure.AI.AnomalyDetector\src\Generated\Multivariate.cs(11,7): error CS0246: The type or namespace name 'Autorest' could not be found (are you missing a using directive or an assembly reference?) [D:\work\sdk2\sdk\anomalydetector\Azure.AI.AnomalyDetector\src\Azure.AI.AnomalyDetector.csproj::TargetFramework=netstandard2.0]
D:\work\sdk2\sdk\anomalydetector\Azure.AI.AnomalyDetector\src\Generated\Multivariate.cs(11,7): error CS0246: The type or namespace name 'Autorest' could not be found (are you missing a using directive or an assembly reference?) [D:\work\sdk2\sdk\anomalydetector\Azure.AI.AnomalyDetector\src\Azure.AI.AnomalyDetector.csproj::TargetFramework=net8.0]
  Azure.Core.TestFramework -> D:\work\sdk2\artifacts\bin\Azure.Core.TestFramework\Debug\net462\Azure.Core.TestFramework.dll
  Azure.Core.TestFramework -> D:\work\sdk2\artifacts\bin\Azure.Core.TestFramework\Debug\net47\Azure.Core.TestFramework.dll
  Azure.Core.TestFramework -> D:\work\sdk2\artifacts\bin\Azure.Core.TestFramework\Debug\net9.0\Azure.Core.TestFramework.dll
  Azure.Core.TestFramework -> D:\work\sdk2\artifacts\bin\Azure.Core.TestFramework\Debug\net8.0\Azure.Core.TestFramework.dll

Build FAILED.

D:\work\sdk2\sdk\anomalydetector\Azure.AI.AnomalyDetector\src\Generated\Multivariate.cs(11,7): error CS0246: The type or namespace name 'Autorest' could not be found (are you missing a using directive or an assembly reference?) [D:\work\sdk2\sdk\anomalydetector\Azure.AI.AnomalyDetector\src\Azure.AI.AnomalyDetector.csproj::TargetFramework=netstandard2.0]
D:\work\sdk2\sdk\anomalydetector\Azure.AI.AnomalyDetector\src\Generated\Multivariate.cs(11,7): error CS0246: The type or namespace name 'Autorest' could not be found (are you missing a using directive or an assembly reference?) [D:\work\sdk2\sdk\anomalydetector\Azure.AI.AnomalyDetector\src\Azure.AI.AnomalyDetector.csproj::TargetFramework=net8.0]
    0 Warning(s)
    2 Error(s)

Time Elapsed 00:00:05.96

