=== Code Generation Build Log ===
Date: 2025-10-21 20:36:19
Service: anomalydetector
Service Path: D:\work\sdk2\verify_azure_generator\..\sdk\anomalydetector\Azure.AI.AnomalyDetector
Spec Directory: D:\work\spec\specification\cognitiveservices\AnomalyDetector
Command: dotnet build /t:GenerateCode --tl:off /p:LocalSpecRepo="D:\work\spec\specification\cognitiveservices\AnomalyDetector"
Exit Code: 1

=== Build Output ===
  Determining projects to restore...
  All projects are up-to-date for restore.
  npm warn EBADENGINE Unsupported engine {
  npm warn EBADENGINE   package: 'yargs@18.0.0',
  npm warn EBADENGINE   required: { node: '^20.19.0 || ^22.12.0 || >=23' },
  npm warn EBADENGINE   current: { node: 'v20.18.3', npm: '10.8.2' }
  npm warn EBADENGINE }
  npm warn EBADENGINE Unsupported engine {
  npm warn EBADENGINE   package: 'yargs-parser@22.0.0',
  npm warn EBADENGINE   required: { node: '^20.19.0 || ^22.12.0 || >=23' },
  npm warn EBADENGINE   current: { node: 'v20.18.3', npm: '10.8.2' }
  npm warn EBADENGINE }
  AutoRest code generation utility [cli version: 3.7.1; node: v20.18.3]
  (C) 2018 Microsoft Corporation.
  https://aka.ms/autorest
  info    | AutoRest core version selected from configuration: 3.9.7.
  info    |    Loading AutoRest core      'C:\Users\haiyzhan.FAREAST\.autorest\@autorestcore@3.9.7\nodemodules\@autorest\core\dist' (3.9.7)
  info    |    Loading local AutoRest extension '@autorest/csharp' (c:/NUGET_PACKAGES/microsoft.azure.autorest.csharp/3.0.0-beta.20231107.1/buildMultiTargeting/../tools/net6.0/any/)
  info    |    Loading AutoRest extension '@autorest/modelerfour' (4.26.0->4.26.0)
  warning | PreCheck/SchemaMissingType | The schema 'SanitizersToRemove' with an undefined type and declared properties is a bit ambiguous. This has been auto-corrected to 'type:object'
      - file:///D:/work/sdk2/sdk/core/Azure.Core.TestFramework/src/testproxy.json:862:5
  warning | PreCheck/CheckDuplicateSchemas | Checking for duplicate schemas, this could take a (long) while.  Run with --verbose for more detail.
  info    | Autorest completed in 48.92s. 33 files generated.
  
  added 172 packages, and audited 173 packages in 1m
  
  30 packages are looking for funding
    run `npm fund` for details
  
  found 0 vulnerabilities
  Using output directory 'D:/work/sdk2/sdk/anomalydetector/Azure.AI.AnomalyDetector/'
  
  888                                      888 d8b                   888    
  888                                      888 Y8P                   888    
  888                                      888                       888    
  888888 .d8888b  88888b.          .d8888b 888 888  .d88b.  88888b.  888888 
  888    88K      888 "88b        d88P"    888 888 d8P  Y8b 888 "88b 888    
  888    "Y8888b. 888  888 888888 888      888 888 88888888 888  888 888    
  Y88b.       X88 888 d88P        Y88b.    888 888 Y8b.     888  888 Y88b.  
   "Y888  88888P' 88888P"          "Y8888P 888 888  "Y8888  888  888  "Y888 
                  888                                                       
                  888                                                       
                  888                                                       
  
  0.29.0
  NOTE: A path to a local spec was provided, will generate based off of local files...
  Local spec repo root is D:/work/spec
  Found emitter package @azure-typespec/http-client-csharp@1.0.0-alpha.20251017.2
  Installing dependencies from npm...
  npm warn EBADENGINE Unsupported engine {
  npm warn EBADENGINE   package: 'yargs@18.0.0',
  npm warn EBADENGINE   required: { node: '^20.19.0 || ^22.12.0 || >=23' },
  npm warn EBADENGINE   current: { node: 'v20.18.3', npm: '10.8.2' }
  npm warn EBADENGINE }
  npm warn EBADENGINE Unsupported engine {
  npm warn EBADENGINE   package: 'yargs-parser@22.0.0',
  npm warn EBADENGINE   required: { node: '^20.19.0 || ^22.12.0 || >=23' },
  npm warn EBADENGINE   current: { node: 'v20.18.3', npm: '10.8.2' }
  npm warn EBADENGINE }
  
  added 119 packages, and audited 120 packages in 30s
  
  23 packages are looking for funding
    run `npm fund` for details
  
  found 0 vulnerabilities
  'grep' is not recognized as an internal or external command,
  operable program or batch file.
  Resolved path: D:/work/sdk2/sdk/anomalydetector/Azure.AI.AnomalyDetector/TempTypeSpecFiles/node_modules/@typespec/compiler
  Compiling tsp using @azure-typespec/http-client-csharp...
  update
  
  Sync and generate from a TypeSpec project
  
  Options:
    -d, --debug            Enable debug logging                          [boolean]
    -o, --output-dir       Specify an alternate output directory for the generated
                           files.                          [string] [default: "."]
    -y, --no-prompt        Skip any interactive prompts.                 [boolean]
        --help             Show help                                     [boolean]
        --repo             Repository where the project is defined        [string]
        --commit           Commit hash to be used                         [string]
        --tsp-config       Path to tspconfig.yaml                         [string]
        --local-spec-repo  Path to local spec repo                        [string]
        --emitter-options  The options to pass to the emitter             [string]
        --save-inputs      Don't clean up the temp directory after generation
                                                                         [boolean]
        --skip-install     Skip installing dependencies                  [boolean]
        --trace            Enable tracing during compile                   [array]
    -v, --version          Show version number                           [boolean]
  
  ExternalError: Emitter "@azure-typespec/http-client-csharp" crashed! This is a bug.
  Please file an issue at https://github.com/azure-sdk/azure-sdk-for-net/issues
  
Error : error : Failed to generate the library. Exit code: 1. [D:\work\sdk2\sdk\anomalydetector\Azure.AI.AnomalyDetector\src\Azure.AI.AnomalyDetector.csproj]
  StackTrace: 
  The given key 'ApiVersion' was not present in the dictionary.
     at System.Collections.Generic.Dictionary`2.get_Item(TKey key)
     at Microsoft.TypeSpec.Generator.ClientModel.Providers.RestClientProvider.AddUriSegments(String segments, Int32 offset, ScopedApi uri, List`1 statements, Dictionary`2 inputParamMap, Dictionary`2 paramMap, InputOperation operation)
     at Microsoft.TypeSpec.Generator.ClientModel.Providers.RestClientProvider.AppendPathParameters(ScopedApi uri, InputOperation operation, Dictionary`2 paramMap)
     at Microsoft.TypeSpec.Generator.ClientModel.Providers.RestClientProvider.BuildMessage(InputServiceMethod serviceMethod, MethodSignature signature, Boolean isNextLinkRequest)
     at Microsoft.TypeSpec.Generator.ClientModel.Providers.RestClientProvider.BuildCreateRequestMethod(InputServiceMethod serviceMethod, Boolean isNextLinkRequest)
     at Microsoft.TypeSpec.Generator.ClientModel.Providers.RestClientProvider.BuildMethods()
     at Microsoft.TypeSpec.Generator.Providers.TypeProvider.BuildMethodsInternal()
     at Microsoft.TypeSpec.Generator.Providers.TypeProvider.get_Methods()
     at Microsoft.TypeSpec.Generator.ClientModel.Providers.RestClientProvider.GetCreateRequestMethod(InputOperation operation)
     at Microsoft.TypeSpec.Generator.ClientModel.Providers.ScmMethodProviderCollection..ctor(InputServiceMethod serviceMethod, TypeProvider enclosingType)
     at Microsoft.TypeSpec.Generator.ClientModel.ScmTypeFactory.CreateMethods(InputServiceMethod serviceMethod, ClientProvider enclosingType)
     at Microsoft.TypeSpec.Generator.ClientModel.Providers.ClientProvider.BuildMethods()
     at Microsoft.TypeSpec.Generator.Providers.TypeProvider.BuildMethodsInternal()
     at Microsoft.TypeSpec.Generator.Providers.TypeProvider.get_Methods()
     at Microsoft.TypeSpec.Generator.ClientModel.ScmOutputLibrary.BuildClient(InputClient inputClient, IList`1 clients)
     at Microsoft.TypeSpec.Generator.ClientModel.ScmOutputLibrary.BuildClient(InputClient inputClient, IList`1 clients)
     at Microsoft.TypeSpec.Generator.ClientModel.ScmOutputLibrary.BuildClientTypes()
     at Microsoft.TypeSpec.Generator.ClientModel.ScmOutputLibrary.BuildTypeProviders()
     at Azure.Generator.AzureOutputLibrary.BuildTypeProviders() in /mnt/vss/_work/1/s/eng/packages/http-client-csharp/generator/Azure.Generator/src/AzureOutputLibrary.cs:line 20
     at Microsoft.TypeSpec.Generator.OutputLibrary.get_TypeProviders()
     at Microsoft.TypeSpec.Generator.CSharpGen.ExecuteAsync()
     at Microsoft.TypeSpec.Generator.GeneratorRunner.RunAsync(CommandLineOptions options)
     at Microsoft.TypeSpec.Generator.Program.Run(CommandLineOptions options, GeneratorRunner runner)
  
      at $onEmit (file:///D:/work/sdk2/sdk/anomalydetector/Azure.AI.AnomalyDetector/TempTypeSpecFiles/node_modules/@typespec/http-client-csharp/dist/emitter/src/emitter.js:88:27)
      at process.processTicksAndRejections (node:internal/process/task_queues:95:5)
      at async Object.$onEmit [as emitFunction] (file:///D:/work/sdk2/sdk/anomalydetector/Azure.AI.AnomalyDetector/TempTypeSpecFiles/node_modules/@azure-typespec/http-client-csharp/dist/emitter/src/emitter.js:29:5)
      at async runEmitter (file:///D:/work/sdk2/sdk/anomalydetector/Azure.AI.AnomalyDetector/TempTypeSpecFiles/node_modules/@typespec/compiler/dist/src/core/program.js:712:9)
      at async file:///D:/work/sdk2/sdk/anomalydetector/Azure.AI.AnomalyDetector/TempTypeSpecFiles/node_modules/@typespec/compiler/dist/src/core/program.js:685:9
      at async emit (file:///D:/work/sdk2/sdk/anomalydetector/Azure.AI.AnomalyDetector/TempTypeSpecFiles/node_modules/@typespec/compiler/dist/src/core/program.js:683:12)
      at async compile (file:///D:/work/sdk2/sdk/anomalydetector/Azure.AI.AnomalyDetector/TempTypeSpecFiles/node_modules/@typespec/compiler/dist/src/core/program.js:53:30)
      at async compileTsp (file:///D:/work/sdk2/eng/common/tsp-client/node_modules/@azure-tools/typespec-client-generator-cli/dist/typespec.js:135:21)
      at async generateCommand (file:///D:/work/sdk2/eng/common/tsp-client/node_modules/@azure-tools/typespec-client-generator-cli/dist/commands.js:354:20)
      at async updateCommand (file:///D:/work/sdk2/eng/common/tsp-client/node_modules/@azure-tools/typespec-client-generator-cli/dist/commands.js:403:5)
  
  --------------------------------------------------
  Library Version                1.0.0-alpha.20251017.2
  TypeSpec Compiler Version      1.5.0
  --------------------------------------------------
      at runEmitter (file:///D:/work/sdk2/sdk/anomalydetector/Azure.AI.AnomalyDetector/TempTypeSpecFiles/node_modules/@typespec/compiler/dist/src/core/program.js:715:15)
      at process.processTicksAndRejections (node:internal/process/task_queues:95:5)
      at async file:///D:/work/sdk2/sdk/anomalydetector/Azure.AI.AnomalyDetector/TempTypeSpecFiles/node_modules/@typespec/compiler/dist/src/core/program.js:685:9
      at async emit (file:///D:/work/sdk2/sdk/anomalydetector/Azure.AI.AnomalyDetector/TempTypeSpecFiles/node_modules/@typespec/compiler/dist/src/core/program.js:683:12)
      at async compile (file:///D:/work/sdk2/sdk/anomalydetector/Azure.AI.AnomalyDetector/TempTypeSpecFiles/node_modules/@typespec/compiler/dist/src/core/program.js:53:30)
      at async compileTsp (file:///D:/work/sdk2/eng/common/tsp-client/node_modules/@azure-tools/typespec-client-generator-cli/dist/typespec.js:135:21)
      at async generateCommand (file:///D:/work/sdk2/eng/common/tsp-client/node_modules/@azure-tools/typespec-client-generator-cli/dist/commands.js:354:20)
      at async updateCommand (file:///D:/work/sdk2/eng/common/tsp-client/node_modules/@azure-tools/typespec-client-generator-cli/dist/commands.js:403:5)
      at async Object.handler (file:///D:/work/sdk2/eng/common/tsp-client/node_modules/@azure-tools/typespec-client-generator-cli/dist/index.js:190:5) {
    info: {
      kind: 'emitter',
      metadata: {
        type: 'module',
        name: '@azure-typespec/http-client-csharp',
        bugs: [Object],
        version: '1.0.0-alpha.20251017.2'
      },
error : error : Error: Failed to generate the library. Exit code: 1. [D:\work\sdk2\sdk\anomalydetector\Azure.AI.AnomalyDetector\src\Azure.AI.AnomalyDetector.csproj]
      StackTrace: 
      The given key 'ApiVersion' was not present in the dictionary.
         at System.Collections.Generic.Dictionary`2.get_Item(TKey key)
         at Microsoft.TypeSpec.Generator.ClientModel.Providers.RestClientProvider.AddUriSegments(String segments, Int32 offset, ScopedApi uri, List`1 statements, Dictionary`2 inputParamMap, Dictionary`2 paramMap, InputOperation operation)
         at Microsoft.TypeSpec.Generator.ClientModel.Providers.RestClientProvider.AppendPathParameters(ScopedApi uri, InputOperation operation, Dictionary`2 paramMap)
         at Microsoft.TypeSpec.Generator.ClientModel.Providers.RestClientProvider.BuildMessage(InputServiceMethod serviceMethod, MethodSignature signature, Boolean isNextLinkRequest)
         at Microsoft.TypeSpec.Generator.ClientModel.Providers.RestClientProvider.BuildCreateRequestMethod(InputServiceMethod serviceMethod, Boolean isNextLinkRequest)
         at Microsoft.TypeSpec.Generator.ClientModel.Providers.RestClientProvider.BuildMethods()
         at Microsoft.TypeSpec.Generator.Providers.TypeProvider.BuildMethodsInternal()
         at Microsoft.TypeSpec.Generator.Providers.TypeProvider.get_Methods()
         at Microsoft.TypeSpec.Generator.ClientModel.Providers.RestClientProvider.GetCreateRequestMethod(InputOperation operation)
         at Microsoft.TypeSpec.Generator.ClientModel.Providers.ScmMethodProviderCollection..ctor(InputServiceMethod serviceMethod, TypeProvider enclosingType)
         at Microsoft.TypeSpec.Generator.ClientModel.ScmTypeFactory.CreateMethods(InputServiceMethod serviceMethod, ClientProvider enclosingType)
         at Microsoft.TypeSpec.Generator.ClientModel.Providers.ClientProvider.BuildMethods()
         at Microsoft.TypeSpec.Generator.Providers.TypeProvider.BuildMethodsInternal()
         at Microsoft.TypeSpec.Generator.Providers.TypeProvider.get_Methods()
         at Microsoft.TypeSpec.Generator.ClientModel.ScmOutputLibrary.BuildClient(InputClient inputClient, IList`1 clients)
         at Microsoft.TypeSpec.Generator.ClientModel.ScmOutputLibrary.BuildClient(InputClient inputClient, IList`1 clients)
         at Microsoft.TypeSpec.Generator.ClientModel.ScmOutputLibrary.BuildClientTypes()
         at Microsoft.TypeSpec.Generator.ClientModel.ScmOutputLibrary.BuildTypeProviders()
         at Azure.Generator.AzureOutputLibrary.BuildTypeProviders() in /mnt/vss/_work/1/s/eng/packages/http-client-csharp/generator/Azure.Generator/src/AzureOutputLibrary.cs:line 20
         at Microsoft.TypeSpec.Generator.OutputLibrary.get_TypeProviders()
         at Microsoft.TypeSpec.Generator.CSharpGen.ExecuteAsync()
         at Microsoft.TypeSpec.Generator.GeneratorRunner.RunAsync(CommandLineOptions options)
         at Microsoft.TypeSpec.Generator.Program.Run(CommandLineOptions options, GeneratorRunner runner)
      
          at $onEmit (file:///D:/work/sdk2/sdk/anomalydetector/Azure.AI.AnomalyDetector/TempTypeSpecFiles/node_modules/@typespec/http-client-csharp/dist/emitter/src/emitter.js:88:27)
          at process.processTicksAndRejections (node:internal/process/task_queues:95:5)
          at async Object.$onEmit [as emitFunction] (file:///D:/work/sdk2/sdk/anomalydetector/Azure.AI.AnomalyDetector/TempTypeSpecFiles/node_modules/@azure-typespec/http-client-csharp/dist/emitter/src/emitter.js:29:5)
          at async runEmitter (file:///D:/work/sdk2/sdk/anomalydetector/Azure.AI.AnomalyDetector/TempTypeSpecFiles/node_modules/@typespec/compiler/dist/src/core/program.js:712:9)
          at async file:///D:/work/sdk2/sdk/anomalydetector/Azure.AI.AnomalyDetector/TempTypeSpecFiles/node_modules/@typespec/compiler/dist/src/core/program.js:685:9
          at async emit (file:///D:/work/sdk2/sdk/anomalydetector/Azure.AI.AnomalyDetector/TempTypeSpecFiles/node_modules/@typespec/compiler/dist/src/core/program.js:683:12)
          at async compile (file:///D:/work/sdk2/sdk/anomalydetector/Azure.AI.AnomalyDetector/TempTypeSpecFiles/node_modules/@typespec/compiler/dist/src/core/program.js:53:30)
          at async compileTsp (file:///D:/work/sdk2/eng/common/tsp-client/node_modules/@azure-tools/typespec-client-generator-cli/dist/typespec.js:135:21)
          at async generateCommand (file:///D:/work/sdk2/eng/common/tsp-client/node_modules/@azure-tools/typespec-client-generator-cli/dist/commands.js:354:20)
          at async updateCommand (file:///D:/work/sdk2/eng/common/tsp-client/node_modules/@azure-tools/typespec-client-generator-cli/dist/commands.js:403:5)
    }
  }
D:\work\sdk2\eng\CodeGeneration.targets(28,5): error MSB3073: The command "npm exec --prefix D:\work\sdk2\eng\common/tsp-client --no -- tsp-client update --no-prompt --output-dir D:\work\sdk2\sdk\anomalydetector\Azure.AI.AnomalyDetector\src/../  --local-spec-repo D:\work\spec\specification\cognitiveservices\AnomalyDetector  " exited with code 1. [D:\work\sdk2\sdk\anomalydetector\Azure.AI.AnomalyDetector\src\Azure.AI.AnomalyDetector.csproj]

Build FAILED.

Error : error : Failed to generate the library. Exit code: 1. [D:\work\sdk2\sdk\anomalydetector\Azure.AI.AnomalyDetector\src\Azure.AI.AnomalyDetector.csproj]
error : error : Error: Failed to generate the library. Exit code: 1. [D:\work\sdk2\sdk\anomalydetector\Azure.AI.AnomalyDetector\src\Azure.AI.AnomalyDetector.csproj]
D:\work\sdk2\eng\CodeGeneration.targets(28,5): error MSB3073: The command "npm exec --prefix D:\work\sdk2\eng\common/tsp-client --no -- tsp-client update --no-prompt --output-dir D:\work\sdk2\sdk\anomalydetector\Azure.AI.AnomalyDetector\src/../  --local-spec-repo D:\work\spec\specification\cognitiveservices\AnomalyDetector  " exited with code 1. [D:\work\sdk2\sdk\anomalydetector\Azure.AI.AnomalyDetector\src\Azure.AI.AnomalyDetector.csproj]
    0 Warning(s)
    3 Error(s)

Time Elapsed 00:02:28.89

