=== Code Build Log ===
Date: 2025-10-21 21:14:18
Service: face
Service Path: D:\work\sdk2\verify_azure_generator\..\sdk\face\Azure.AI.Vision.Face
Command: dotnet build
Exit Code: 1

=== Build Output ===
  Determining projects to restore...
  All projects are up-to-date for restore.
D:\work\sdk2\sdk\face\Azure.AI.Vision.Face\src\Custom\LargeFaceListClient.cs(15,6): error CS0246: The type or namespace name 'CodeGenClientAttribute' could not be found (are you missing a using directive or an assembly reference?) [D:\work\sdk2\sdk\face\Azure.AI.Vision.Face\src\Azure.AI.Vision.Face.csproj::TargetFramework=net8.0]
D:\work\sdk2\sdk\face\Azure.AI.Vision.Face\src\Custom\LargeFaceListClient.cs(15,6): error CS0246: The type or namespace name 'CodeGenClient' could not be found (are you missing a using directive or an assembly reference?) [D:\work\sdk2\sdk\face\Azure.AI.Vision.Face\src\Azure.AI.Vision.Face.csproj::TargetFramework=net8.0]
D:\work\sdk2\sdk\face\Azure.AI.Vision.Face\src\Custom\LargePersonGroupClient.cs(15,6): error CS0246: The type or namespace name 'CodeGenClientAttribute' could not be found (are you missing a using directive or an assembly reference?) [D:\work\sdk2\sdk\face\Azure.AI.Vision.Face\src\Azure.AI.Vision.Face.csproj::TargetFramework=net8.0]
D:\work\sdk2\sdk\face\Azure.AI.Vision.Face\src\Custom\LargePersonGroupClient.cs(15,6): error CS0246: The type or namespace name 'CodeGenClient' could not be found (are you missing a using directive or an assembly reference?) [D:\work\sdk2\sdk\face\Azure.AI.Vision.Face\src\Azure.AI.Vision.Face.csproj::TargetFramework=net8.0]
D:\work\sdk2\sdk\face\Azure.AI.Vision.Face\src\Custom\LargeFaceListClient.cs(15,6): error CS0246: The type or namespace name 'CodeGenClientAttribute' could not be found (are you missing a using directive or an assembly reference?) [D:\work\sdk2\sdk\face\Azure.AI.Vision.Face\src\Azure.AI.Vision.Face.csproj::TargetFramework=netstandard2.0]
D:\work\sdk2\sdk\face\Azure.AI.Vision.Face\src\Custom\LargeFaceListClient.cs(15,6): error CS0246: The type or namespace name 'CodeGenClient' could not be found (are you missing a using directive or an assembly reference?) [D:\work\sdk2\sdk\face\Azure.AI.Vision.Face\src\Azure.AI.Vision.Face.csproj::TargetFramework=netstandard2.0]
D:\work\sdk2\sdk\face\Azure.AI.Vision.Face\src\Custom\LargePersonGroupClient.cs(15,6): error CS0246: The type or namespace name 'CodeGenClientAttribute' could not be found (are you missing a using directive or an assembly reference?) [D:\work\sdk2\sdk\face\Azure.AI.Vision.Face\src\Azure.AI.Vision.Face.csproj::TargetFramework=netstandard2.0]
D:\work\sdk2\sdk\face\Azure.AI.Vision.Face\src\Custom\LargePersonGroupClient.cs(15,6): error CS0246: The type or namespace name 'CodeGenClient' could not be found (are you missing a using directive or an assembly reference?) [D:\work\sdk2\sdk\face\Azure.AI.Vision.Face\src\Azure.AI.Vision.Face.csproj::TargetFramework=netstandard2.0]
  Azure.Core.TestFramework -> D:\work\sdk2\artifacts\bin\Azure.Core.TestFramework\Debug\net47\Azure.Core.TestFramework.dll
  Azure.Core.TestFramework -> D:\work\sdk2\artifacts\bin\Azure.Core.TestFramework\Debug\net462\Azure.Core.TestFramework.dll
  Azure.Core.TestFramework -> D:\work\sdk2\artifacts\bin\Azure.Core.TestFramework\Debug\net8.0\Azure.Core.TestFramework.dll
  Azure.Core.TestFramework -> D:\work\sdk2\artifacts\bin\Azure.Core.TestFramework\Debug\net9.0\Azure.Core.TestFramework.dll

Build FAILED.

D:\work\sdk2\sdk\face\Azure.AI.Vision.Face\src\Custom\LargeFaceListClient.cs(15,6): error CS0246: The type or namespace name 'CodeGenClientAttribute' could not be found (are you missing a using directive or an assembly reference?) [D:\work\sdk2\sdk\face\Azure.AI.Vision.Face\src\Azure.AI.Vision.Face.csproj::TargetFramework=net8.0]
D:\work\sdk2\sdk\face\Azure.AI.Vision.Face\src\Custom\LargeFaceListClient.cs(15,6): error CS0246: The type or namespace name 'CodeGenClient' could not be found (are you missing a using directive or an assembly reference?) [D:\work\sdk2\sdk\face\Azure.AI.Vision.Face\src\Azure.AI.Vision.Face.csproj::TargetFramework=net8.0]
D:\work\sdk2\sdk\face\Azure.AI.Vision.Face\src\Custom\LargePersonGroupClient.cs(15,6): error CS0246: The type or namespace name 'CodeGenClientAttribute' could not be found (are you missing a using directive or an assembly reference?) [D:\work\sdk2\sdk\face\Azure.AI.Vision.Face\src\Azure.AI.Vision.Face.csproj::TargetFramework=net8.0]
D:\work\sdk2\sdk\face\Azure.AI.Vision.Face\src\Custom\LargePersonGroupClient.cs(15,6): error CS0246: The type or namespace name 'CodeGenClient' could not be found (are you missing a using directive or an assembly reference?) [D:\work\sdk2\sdk\face\Azure.AI.Vision.Face\src\Azure.AI.Vision.Face.csproj::TargetFramework=net8.0]
D:\work\sdk2\sdk\face\Azure.AI.Vision.Face\src\Custom\LargeFaceListClient.cs(15,6): error CS0246: The type or namespace name 'CodeGenClientAttribute' could not be found (are you missing a using directive or an assembly reference?) [D:\work\sdk2\sdk\face\Azure.AI.Vision.Face\src\Azure.AI.Vision.Face.csproj::TargetFramework=netstandard2.0]
D:\work\sdk2\sdk\face\Azure.AI.Vision.Face\src\Custom\LargeFaceListClient.cs(15,6): error CS0246: The type or namespace name 'CodeGenClient' could not be found (are you missing a using directive or an assembly reference?) [D:\work\sdk2\sdk\face\Azure.AI.Vision.Face\src\Azure.AI.Vision.Face.csproj::TargetFramework=netstandard2.0]
D:\work\sdk2\sdk\face\Azure.AI.Vision.Face\src\Custom\LargePersonGroupClient.cs(15,6): error CS0246: The type or namespace name 'CodeGenClientAttribute' could not be found (are you missing a using directive or an assembly reference?) [D:\work\sdk2\sdk\face\Azure.AI.Vision.Face\src\Azure.AI.Vision.Face.csproj::TargetFramework=netstandard2.0]
D:\work\sdk2\sdk\face\Azure.AI.Vision.Face\src\Custom\LargePersonGroupClient.cs(15,6): error CS0246: The type or namespace name 'CodeGenClient' could not be found (are you missing a using directive or an assembly reference?) [D:\work\sdk2\sdk\face\Azure.AI.Vision.Face\src\Azure.AI.Vision.Face.csproj::TargetFramework=netstandard2.0]
    0 Warning(s)
    8 Error(s)

Time Elapsed 00:00:06.95

