=== Code Build Log ===
Date: 2025-10-21 21:01:48
Service: contentsafety
Service Path: D:\work\sdk2\verify_azure_generator\..\sdk\contentsafety\Azure.AI.ContentSafety
Command: dotnet build
Exit Code: 1

=== Build Output ===
  Determining projects to restore...
  All projects are up-to-date for restore.
  Azure.Core.TestFramework -> D:\work\sdk2\artifacts\bin\Azure.Core.TestFramework\Debug\net47\Azure.Core.TestFramework.dll
  Azure.Core.TestFramework -> D:\work\sdk2\artifacts\bin\Azure.Core.TestFramework\Debug\net462\Azure.Core.TestFramework.dll
  Azure.Core.TestFramework -> D:\work\sdk2\artifacts\bin\Azure.Core.TestFramework\Debug\net9.0\Azure.Core.TestFramework.dll
  Azure.Core.TestFramework -> D:\work\sdk2\artifacts\bin\Azure.Core.TestFramework\Debug\net8.0\Azure.Core.TestFramework.dll
D:\work\sdk2\sdk\contentsafety\Azure.AI.ContentSafety\src\Customizations\ContentSafetyClientBuilderExtensions.cs(9,6): error CS0246: The type or namespace name 'CodeGenModelAttribute' could not be found (are you missing a using directive or an assembly reference?) [D:\work\sdk2\sdk\contentsafety\Azure.AI.ContentSafety\src\Azure.AI.ContentSafety.csproj::TargetFramework=net8.0]
D:\work\sdk2\sdk\contentsafety\Azure.AI.ContentSafety\src\Customizations\ContentSafetyClientBuilderExtensions.cs(9,6): error CS0246: The type or namespace name 'CodeGenModel' could not be found (are you missing a using directive or an assembly reference?) [D:\work\sdk2\sdk\contentsafety\Azure.AI.ContentSafety\src\Azure.AI.ContentSafety.csproj::TargetFramework=net8.0]
D:\work\sdk2\sdk\contentsafety\Azure.AI.ContentSafety\src\Customizations\ContentSafetyClientOptions.cs(9,6): error CS0246: The type or namespace name 'CodeGenModelAttribute' could not be found (are you missing a using directive or an assembly reference?) [D:\work\sdk2\sdk\contentsafety\Azure.AI.ContentSafety\src\Azure.AI.ContentSafety.csproj::TargetFramework=net8.0]
D:\work\sdk2\sdk\contentsafety\Azure.AI.ContentSafety\src\Customizations\ContentSafetyClientOptions.cs(9,6): error CS0246: The type or namespace name 'CodeGenModel' could not be found (are you missing a using directive or an assembly reference?) [D:\work\sdk2\sdk\contentsafety\Azure.AI.ContentSafety\src\Azure.AI.ContentSafety.csproj::TargetFramework=net8.0]
D:\work\sdk2\sdk\contentsafety\Azure.AI.ContentSafety\src\Customizations\ContentSafetyModelFactory.cs(10,6): error CS0246: The type or namespace name 'CodeGenModelAttribute' could not be found (are you missing a using directive or an assembly reference?) [D:\work\sdk2\sdk\contentsafety\Azure.AI.ContentSafety\src\Azure.AI.ContentSafety.csproj::TargetFramework=net8.0]
D:\work\sdk2\sdk\contentsafety\Azure.AI.ContentSafety\src\Customizations\ContentSafetyModelFactory.cs(10,6): error CS0246: The type or namespace name 'CodeGenModel' could not be found (are you missing a using directive or an assembly reference?) [D:\work\sdk2\sdk\contentsafety\Azure.AI.ContentSafety\src\Azure.AI.ContentSafety.csproj::TargetFramework=net8.0]
D:\work\sdk2\sdk\contentsafety\Azure.AI.ContentSafety\src\Customizations\ContentSafetyClientBuilderExtensions.cs(9,6): error CS0246: The type or namespace name 'CodeGenModelAttribute' could not be found (are you missing a using directive or an assembly reference?) [D:\work\sdk2\sdk\contentsafety\Azure.AI.ContentSafety\src\Azure.AI.ContentSafety.csproj::TargetFramework=netstandard2.0]
D:\work\sdk2\sdk\contentsafety\Azure.AI.ContentSafety\src\Customizations\ContentSafetyClientBuilderExtensions.cs(9,6): error CS0246: The type or namespace name 'CodeGenModel' could not be found (are you missing a using directive or an assembly reference?) [D:\work\sdk2\sdk\contentsafety\Azure.AI.ContentSafety\src\Azure.AI.ContentSafety.csproj::TargetFramework=netstandard2.0]
D:\work\sdk2\sdk\contentsafety\Azure.AI.ContentSafety\src\Customizations\ContentSafetyClientOptions.cs(9,6): error CS0246: The type or namespace name 'CodeGenModelAttribute' could not be found (are you missing a using directive or an assembly reference?) [D:\work\sdk2\sdk\contentsafety\Azure.AI.ContentSafety\src\Azure.AI.ContentSafety.csproj::TargetFramework=netstandard2.0]
D:\work\sdk2\sdk\contentsafety\Azure.AI.ContentSafety\src\Customizations\ContentSafetyClientOptions.cs(9,6): error CS0246: The type or namespace name 'CodeGenModel' could not be found (are you missing a using directive or an assembly reference?) [D:\work\sdk2\sdk\contentsafety\Azure.AI.ContentSafety\src\Azure.AI.ContentSafety.csproj::TargetFramework=netstandard2.0]
D:\work\sdk2\sdk\contentsafety\Azure.AI.ContentSafety\src\Customizations\ContentSafetyModelFactory.cs(10,6): error CS0246: The type or namespace name 'CodeGenModelAttribute' could not be found (are you missing a using directive or an assembly reference?) [D:\work\sdk2\sdk\contentsafety\Azure.AI.ContentSafety\src\Azure.AI.ContentSafety.csproj::TargetFramework=netstandard2.0]
D:\work\sdk2\sdk\contentsafety\Azure.AI.ContentSafety\src\Customizations\ContentSafetyModelFactory.cs(10,6): error CS0246: The type or namespace name 'CodeGenModel' could not be found (are you missing a using directive or an assembly reference?) [D:\work\sdk2\sdk\contentsafety\Azure.AI.ContentSafety\src\Azure.AI.ContentSafety.csproj::TargetFramework=netstandard2.0]

Build FAILED.

D:\work\sdk2\sdk\contentsafety\Azure.AI.ContentSafety\src\Customizations\ContentSafetyClientBuilderExtensions.cs(9,6): error CS0246: The type or namespace name 'CodeGenModelAttribute' could not be found (are you missing a using directive or an assembly reference?) [D:\work\sdk2\sdk\contentsafety\Azure.AI.ContentSafety\src\Azure.AI.ContentSafety.csproj::TargetFramework=net8.0]
D:\work\sdk2\sdk\contentsafety\Azure.AI.ContentSafety\src\Customizations\ContentSafetyClientBuilderExtensions.cs(9,6): error CS0246: The type or namespace name 'CodeGenModel' could not be found (are you missing a using directive or an assembly reference?) [D:\work\sdk2\sdk\contentsafety\Azure.AI.ContentSafety\src\Azure.AI.ContentSafety.csproj::TargetFramework=net8.0]
D:\work\sdk2\sdk\contentsafety\Azure.AI.ContentSafety\src\Customizations\ContentSafetyClientOptions.cs(9,6): error CS0246: The type or namespace name 'CodeGenModelAttribute' could not be found (are you missing a using directive or an assembly reference?) [D:\work\sdk2\sdk\contentsafety\Azure.AI.ContentSafety\src\Azure.AI.ContentSafety.csproj::TargetFramework=net8.0]
D:\work\sdk2\sdk\contentsafety\Azure.AI.ContentSafety\src\Customizations\ContentSafetyClientOptions.cs(9,6): error CS0246: The type or namespace name 'CodeGenModel' could not be found (are you missing a using directive or an assembly reference?) [D:\work\sdk2\sdk\contentsafety\Azure.AI.ContentSafety\src\Azure.AI.ContentSafety.csproj::TargetFramework=net8.0]
D:\work\sdk2\sdk\contentsafety\Azure.AI.ContentSafety\src\Customizations\ContentSafetyModelFactory.cs(10,6): error CS0246: The type or namespace name 'CodeGenModelAttribute' could not be found (are you missing a using directive or an assembly reference?) [D:\work\sdk2\sdk\contentsafety\Azure.AI.ContentSafety\src\Azure.AI.ContentSafety.csproj::TargetFramework=net8.0]
D:\work\sdk2\sdk\contentsafety\Azure.AI.ContentSafety\src\Customizations\ContentSafetyModelFactory.cs(10,6): error CS0246: The type or namespace name 'CodeGenModel' could not be found (are you missing a using directive or an assembly reference?) [D:\work\sdk2\sdk\contentsafety\Azure.AI.ContentSafety\src\Azure.AI.ContentSafety.csproj::TargetFramework=net8.0]
D:\work\sdk2\sdk\contentsafety\Azure.AI.ContentSafety\src\Customizations\ContentSafetyClientBuilderExtensions.cs(9,6): error CS0246: The type or namespace name 'CodeGenModelAttribute' could not be found (are you missing a using directive or an assembly reference?) [D:\work\sdk2\sdk\contentsafety\Azure.AI.ContentSafety\src\Azure.AI.ContentSafety.csproj::TargetFramework=netstandard2.0]
D:\work\sdk2\sdk\contentsafety\Azure.AI.ContentSafety\src\Customizations\ContentSafetyClientBuilderExtensions.cs(9,6): error CS0246: The type or namespace name 'CodeGenModel' could not be found (are you missing a using directive or an assembly reference?) [D:\work\sdk2\sdk\contentsafety\Azure.AI.ContentSafety\src\Azure.AI.ContentSafety.csproj::TargetFramework=netstandard2.0]
D:\work\sdk2\sdk\contentsafety\Azure.AI.ContentSafety\src\Customizations\ContentSafetyClientOptions.cs(9,6): error CS0246: The type or namespace name 'CodeGenModelAttribute' could not be found (are you missing a using directive or an assembly reference?) [D:\work\sdk2\sdk\contentsafety\Azure.AI.ContentSafety\src\Azure.AI.ContentSafety.csproj::TargetFramework=netstandard2.0]
D:\work\sdk2\sdk\contentsafety\Azure.AI.ContentSafety\src\Customizations\ContentSafetyClientOptions.cs(9,6): error CS0246: The type or namespace name 'CodeGenModel' could not be found (are you missing a using directive or an assembly reference?) [D:\work\sdk2\sdk\contentsafety\Azure.AI.ContentSafety\src\Azure.AI.ContentSafety.csproj::TargetFramework=netstandard2.0]
D:\work\sdk2\sdk\contentsafety\Azure.AI.ContentSafety\src\Customizations\ContentSafetyModelFactory.cs(10,6): error CS0246: The type or namespace name 'CodeGenModelAttribute' could not be found (are you missing a using directive or an assembly reference?) [D:\work\sdk2\sdk\contentsafety\Azure.AI.ContentSafety\src\Azure.AI.ContentSafety.csproj::TargetFramework=netstandard2.0]
D:\work\sdk2\sdk\contentsafety\Azure.AI.ContentSafety\src\Customizations\ContentSafetyModelFactory.cs(10,6): error CS0246: The type or namespace name 'CodeGenModel' could not be found (are you missing a using directive or an assembly reference?) [D:\work\sdk2\sdk\contentsafety\Azure.AI.ContentSafety\src\Azure.AI.ContentSafety.csproj::TargetFramework=netstandard2.0]
    0 Warning(s)
    12 Error(s)

Time Elapsed 00:00:06.00

