=== Code Build Log ===
Date: 2025-10-21 20:52:45
Service: cognitivelanguage
Service Path: D:\work\sdk2\verify_azure_generator\..\sdk\cognitivelanguage\Azure.AI.Language.Text.Authoring
Command: dotnet build
Exit Code: 1

=== Build Output ===
  Determining projects to restore...
  All projects are up-to-date for restore.
D:\work\sdk2\sdk\cognitivelanguage\Azure.AI.Language.Text.Authoring\src\TextAuthoringDeployment.cs(9,7): error CS0246: The type or namespace name 'Autorest' could not be found (are you missing a using directive or an assembly reference?) [D:\work\sdk2\sdk\cognitivelanguage\Azure.AI.Language.Text.Authoring\src\Azure.AI.Language.Text.Authoring.csproj::TargetFramework=netstandard2.0]
D:\work\sdk2\sdk\cognitivelanguage\Azure.AI.Language.Text.Authoring\src\TextAuthoringExportedModel.cs(9,7): error CS0246: The type or namespace name 'Autorest' could not be found (are you missing a using directive or an assembly reference?) [D:\work\sdk2\sdk\cognitivelanguage\Azure.AI.Language.Text.Authoring\src\Azure.AI.Language.Text.Authoring.csproj::TargetFramework=netstandard2.0]
D:\work\sdk2\sdk\cognitivelanguage\Azure.AI.Language.Text.Authoring\src\TextAuthoringProject.cs(8,7): error CS0246: The type or namespace name 'Autorest' could not be found (are you missing a using directive or an assembly reference?) [D:\work\sdk2\sdk\cognitivelanguage\Azure.AI.Language.Text.Authoring\src\Azure.AI.Language.Text.Authoring.csproj::TargetFramework=netstandard2.0]
D:\work\sdk2\sdk\cognitivelanguage\Azure.AI.Language.Text.Authoring\src\TextAuthoringTrainedModel.cs(9,7): error CS0246: The type or namespace name 'Autorest' could not be found (are you missing a using directive or an assembly reference?) [D:\work\sdk2\sdk\cognitivelanguage\Azure.AI.Language.Text.Authoring\src\Azure.AI.Language.Text.Authoring.csproj::TargetFramework=netstandard2.0]
D:\work\sdk2\sdk\cognitivelanguage\Azure.AI.Language.Text.Authoring\src\TextAuthoringClientBuilderExtensions.cs(10,6): error CS0246: The type or namespace name 'CodeGenModelAttribute' could not be found (are you missing a using directive or an assembly reference?) [D:\work\sdk2\sdk\cognitivelanguage\Azure.AI.Language.Text.Authoring\src\Azure.AI.Language.Text.Authoring.csproj::TargetFramework=netstandard2.0]
D:\work\sdk2\sdk\cognitivelanguage\Azure.AI.Language.Text.Authoring\src\TextAuthoringClientBuilderExtensions.cs(10,6): error CS0246: The type or namespace name 'CodeGenModel' could not be found (are you missing a using directive or an assembly reference?) [D:\work\sdk2\sdk\cognitivelanguage\Azure.AI.Language.Text.Authoring\src\Azure.AI.Language.Text.Authoring.csproj::TargetFramework=netstandard2.0]
D:\work\sdk2\sdk\cognitivelanguage\Azure.AI.Language.Text.Authoring\src\TextAnalysisAuthoringModelFactory.cs(9,6): error CS0246: The type or namespace name 'CodeGenModelAttribute' could not be found (are you missing a using directive or an assembly reference?) [D:\work\sdk2\sdk\cognitivelanguage\Azure.AI.Language.Text.Authoring\src\Azure.AI.Language.Text.Authoring.csproj::TargetFramework=netstandard2.0]
D:\work\sdk2\sdk\cognitivelanguage\Azure.AI.Language.Text.Authoring\src\TextAnalysisAuthoringModelFactory.cs(9,6): error CS0246: The type or namespace name 'CodeGenModel' could not be found (are you missing a using directive or an assembly reference?) [D:\work\sdk2\sdk\cognitivelanguage\Azure.AI.Language.Text.Authoring\src\Azure.AI.Language.Text.Authoring.csproj::TargetFramework=netstandard2.0]
D:\work\sdk2\sdk\cognitivelanguage\Azure.AI.Language.Text.Authoring\src\TextAnalysisAuthoringClient.cs(12,6): error CS0246: The type or namespace name 'CodeGenClientAttribute' could not be found (are you missing a using directive or an assembly reference?) [D:\work\sdk2\sdk\cognitivelanguage\Azure.AI.Language.Text.Authoring\src\Azure.AI.Language.Text.Authoring.csproj::TargetFramework=netstandard2.0]
D:\work\sdk2\sdk\cognitivelanguage\Azure.AI.Language.Text.Authoring\src\TextAnalysisAuthoringClient.cs(12,6): error CS0246: The type or namespace name 'CodeGenClient' could not be found (are you missing a using directive or an assembly reference?) [D:\work\sdk2\sdk\cognitivelanguage\Azure.AI.Language.Text.Authoring\src\Azure.AI.Language.Text.Authoring.csproj::TargetFramework=netstandard2.0]
  Azure.Core.TestFramework -> D:\work\sdk2\artifacts\bin\Azure.Core.TestFramework\Debug\net9.0\Azure.Core.TestFramework.dll
D:\work\sdk2\sdk\cognitivelanguage\Azure.AI.Language.Text.Authoring\src\TextAuthoringDeployment.cs(9,7): error CS0246: The type or namespace name 'Autorest' could not be found (are you missing a using directive or an assembly reference?) [D:\work\sdk2\sdk\cognitivelanguage\Azure.AI.Language.Text.Authoring\src\Azure.AI.Language.Text.Authoring.csproj::TargetFramework=net8.0]
D:\work\sdk2\sdk\cognitivelanguage\Azure.AI.Language.Text.Authoring\src\TextAuthoringExportedModel.cs(9,7): error CS0246: The type or namespace name 'Autorest' could not be found (are you missing a using directive or an assembly reference?) [D:\work\sdk2\sdk\cognitivelanguage\Azure.AI.Language.Text.Authoring\src\Azure.AI.Language.Text.Authoring.csproj::TargetFramework=net8.0]
D:\work\sdk2\sdk\cognitivelanguage\Azure.AI.Language.Text.Authoring\src\TextAuthoringProject.cs(8,7): error CS0246: The type or namespace name 'Autorest' could not be found (are you missing a using directive or an assembly reference?) [D:\work\sdk2\sdk\cognitivelanguage\Azure.AI.Language.Text.Authoring\src\Azure.AI.Language.Text.Authoring.csproj::TargetFramework=net8.0]
D:\work\sdk2\sdk\cognitivelanguage\Azure.AI.Language.Text.Authoring\src\TextAuthoringTrainedModel.cs(9,7): error CS0246: The type or namespace name 'Autorest' could not be found (are you missing a using directive or an assembly reference?) [D:\work\sdk2\sdk\cognitivelanguage\Azure.AI.Language.Text.Authoring\src\Azure.AI.Language.Text.Authoring.csproj::TargetFramework=net8.0]
D:\work\sdk2\sdk\cognitivelanguage\Azure.AI.Language.Text.Authoring\src\TextAuthoringClientBuilderExtensions.cs(10,6): error CS0246: The type or namespace name 'CodeGenModelAttribute' could not be found (are you missing a using directive or an assembly reference?) [D:\work\sdk2\sdk\cognitivelanguage\Azure.AI.Language.Text.Authoring\src\Azure.AI.Language.Text.Authoring.csproj::TargetFramework=net8.0]
D:\work\sdk2\sdk\cognitivelanguage\Azure.AI.Language.Text.Authoring\src\TextAuthoringClientBuilderExtensions.cs(10,6): error CS0246: The type or namespace name 'CodeGenModel' could not be found (are you missing a using directive or an assembly reference?) [D:\work\sdk2\sdk\cognitivelanguage\Azure.AI.Language.Text.Authoring\src\Azure.AI.Language.Text.Authoring.csproj::TargetFramework=net8.0]
D:\work\sdk2\sdk\cognitivelanguage\Azure.AI.Language.Text.Authoring\src\TextAnalysisAuthoringModelFactory.cs(9,6): error CS0246: The type or namespace name 'CodeGenModelAttribute' could not be found (are you missing a using directive or an assembly reference?) [D:\work\sdk2\sdk\cognitivelanguage\Azure.AI.Language.Text.Authoring\src\Azure.AI.Language.Text.Authoring.csproj::TargetFramework=net8.0]
D:\work\sdk2\sdk\cognitivelanguage\Azure.AI.Language.Text.Authoring\src\TextAnalysisAuthoringModelFactory.cs(9,6): error CS0246: The type or namespace name 'CodeGenModel' could not be found (are you missing a using directive or an assembly reference?) [D:\work\sdk2\sdk\cognitivelanguage\Azure.AI.Language.Text.Authoring\src\Azure.AI.Language.Text.Authoring.csproj::TargetFramework=net8.0]
D:\work\sdk2\sdk\cognitivelanguage\Azure.AI.Language.Text.Authoring\src\TextAnalysisAuthoringClient.cs(12,6): error CS0246: The type or namespace name 'CodeGenClientAttribute' could not be found (are you missing a using directive or an assembly reference?) [D:\work\sdk2\sdk\cognitivelanguage\Azure.AI.Language.Text.Authoring\src\Azure.AI.Language.Text.Authoring.csproj::TargetFramework=net8.0]
D:\work\sdk2\sdk\cognitivelanguage\Azure.AI.Language.Text.Authoring\src\TextAnalysisAuthoringClient.cs(12,6): error CS0246: The type or namespace name 'CodeGenClient' could not be found (are you missing a using directive or an assembly reference?) [D:\work\sdk2\sdk\cognitivelanguage\Azure.AI.Language.Text.Authoring\src\Azure.AI.Language.Text.Authoring.csproj::TargetFramework=net8.0]
  Azure.Core.TestFramework -> D:\work\sdk2\artifacts\bin\Azure.Core.TestFramework\Debug\net462\Azure.Core.TestFramework.dll
  Azure.Core.TestFramework -> D:\work\sdk2\artifacts\bin\Azure.Core.TestFramework\Debug\net47\Azure.Core.TestFramework.dll
  Azure.Core.TestFramework -> D:\work\sdk2\artifacts\bin\Azure.Core.TestFramework\Debug\net8.0\Azure.Core.TestFramework.dll

Build FAILED.

D:\work\sdk2\sdk\cognitivelanguage\Azure.AI.Language.Text.Authoring\src\TextAuthoringDeployment.cs(9,7): error CS0246: The type or namespace name 'Autorest' could not be found (are you missing a using directive or an assembly reference?) [D:\work\sdk2\sdk\cognitivelanguage\Azure.AI.Language.Text.Authoring\src\Azure.AI.Language.Text.Authoring.csproj::TargetFramework=netstandard2.0]
D:\work\sdk2\sdk\cognitivelanguage\Azure.AI.Language.Text.Authoring\src\TextAuthoringExportedModel.cs(9,7): error CS0246: The type or namespace name 'Autorest' could not be found (are you missing a using directive or an assembly reference?) [D:\work\sdk2\sdk\cognitivelanguage\Azure.AI.Language.Text.Authoring\src\Azure.AI.Language.Text.Authoring.csproj::TargetFramework=netstandard2.0]
D:\work\sdk2\sdk\cognitivelanguage\Azure.AI.Language.Text.Authoring\src\TextAuthoringProject.cs(8,7): error CS0246: The type or namespace name 'Autorest' could not be found (are you missing a using directive or an assembly reference?) [D:\work\sdk2\sdk\cognitivelanguage\Azure.AI.Language.Text.Authoring\src\Azure.AI.Language.Text.Authoring.csproj::TargetFramework=netstandard2.0]
D:\work\sdk2\sdk\cognitivelanguage\Azure.AI.Language.Text.Authoring\src\TextAuthoringTrainedModel.cs(9,7): error CS0246: The type or namespace name 'Autorest' could not be found (are you missing a using directive or an assembly reference?) [D:\work\sdk2\sdk\cognitivelanguage\Azure.AI.Language.Text.Authoring\src\Azure.AI.Language.Text.Authoring.csproj::TargetFramework=netstandard2.0]
D:\work\sdk2\sdk\cognitivelanguage\Azure.AI.Language.Text.Authoring\src\TextAuthoringClientBuilderExtensions.cs(10,6): error CS0246: The type or namespace name 'CodeGenModelAttribute' could not be found (are you missing a using directive or an assembly reference?) [D:\work\sdk2\sdk\cognitivelanguage\Azure.AI.Language.Text.Authoring\src\Azure.AI.Language.Text.Authoring.csproj::TargetFramework=netstandard2.0]
D:\work\sdk2\sdk\cognitivelanguage\Azure.AI.Language.Text.Authoring\src\TextAuthoringClientBuilderExtensions.cs(10,6): error CS0246: The type or namespace name 'CodeGenModel' could not be found (are you missing a using directive or an assembly reference?) [D:\work\sdk2\sdk\cognitivelanguage\Azure.AI.Language.Text.Authoring\src\Azure.AI.Language.Text.Authoring.csproj::TargetFramework=netstandard2.0]
D:\work\sdk2\sdk\cognitivelanguage\Azure.AI.Language.Text.Authoring\src\TextAnalysisAuthoringModelFactory.cs(9,6): error CS0246: The type or namespace name 'CodeGenModelAttribute' could not be found (are you missing a using directive or an assembly reference?) [D:\work\sdk2\sdk\cognitivelanguage\Azure.AI.Language.Text.Authoring\src\Azure.AI.Language.Text.Authoring.csproj::TargetFramework=netstandard2.0]
D:\work\sdk2\sdk\cognitivelanguage\Azure.AI.Language.Text.Authoring\src\TextAnalysisAuthoringModelFactory.cs(9,6): error CS0246: The type or namespace name 'CodeGenModel' could not be found (are you missing a using directive or an assembly reference?) [D:\work\sdk2\sdk\cognitivelanguage\Azure.AI.Language.Text.Authoring\src\Azure.AI.Language.Text.Authoring.csproj::TargetFramework=netstandard2.0]
D:\work\sdk2\sdk\cognitivelanguage\Azure.AI.Language.Text.Authoring\src\TextAnalysisAuthoringClient.cs(12,6): error CS0246: The type or namespace name 'CodeGenClientAttribute' could not be found (are you missing a using directive or an assembly reference?) [D:\work\sdk2\sdk\cognitivelanguage\Azure.AI.Language.Text.Authoring\src\Azure.AI.Language.Text.Authoring.csproj::TargetFramework=netstandard2.0]
D:\work\sdk2\sdk\cognitivelanguage\Azure.AI.Language.Text.Authoring\src\TextAnalysisAuthoringClient.cs(12,6): error CS0246: The type or namespace name 'CodeGenClient' could not be found (are you missing a using directive or an assembly reference?) [D:\work\sdk2\sdk\cognitivelanguage\Azure.AI.Language.Text.Authoring\src\Azure.AI.Language.Text.Authoring.csproj::TargetFramework=netstandard2.0]
D:\work\sdk2\sdk\cognitivelanguage\Azure.AI.Language.Text.Authoring\src\TextAuthoringDeployment.cs(9,7): error CS0246: The type or namespace name 'Autorest' could not be found (are you missing a using directive or an assembly reference?) [D:\work\sdk2\sdk\cognitivelanguage\Azure.AI.Language.Text.Authoring\src\Azure.AI.Language.Text.Authoring.csproj::TargetFramework=net8.0]
D:\work\sdk2\sdk\cognitivelanguage\Azure.AI.Language.Text.Authoring\src\TextAuthoringExportedModel.cs(9,7): error CS0246: The type or namespace name 'Autorest' could not be found (are you missing a using directive or an assembly reference?) [D:\work\sdk2\sdk\cognitivelanguage\Azure.AI.Language.Text.Authoring\src\Azure.AI.Language.Text.Authoring.csproj::TargetFramework=net8.0]
D:\work\sdk2\sdk\cognitivelanguage\Azure.AI.Language.Text.Authoring\src\TextAuthoringProject.cs(8,7): error CS0246: The type or namespace name 'Autorest' could not be found (are you missing a using directive or an assembly reference?) [D:\work\sdk2\sdk\cognitivelanguage\Azure.AI.Language.Text.Authoring\src\Azure.AI.Language.Text.Authoring.csproj::TargetFramework=net8.0]
D:\work\sdk2\sdk\cognitivelanguage\Azure.AI.Language.Text.Authoring\src\TextAuthoringTrainedModel.cs(9,7): error CS0246: The type or namespace name 'Autorest' could not be found (are you missing a using directive or an assembly reference?) [D:\work\sdk2\sdk\cognitivelanguage\Azure.AI.Language.Text.Authoring\src\Azure.AI.Language.Text.Authoring.csproj::TargetFramework=net8.0]
D:\work\sdk2\sdk\cognitivelanguage\Azure.AI.Language.Text.Authoring\src\TextAuthoringClientBuilderExtensions.cs(10,6): error CS0246: The type or namespace name 'CodeGenModelAttribute' could not be found (are you missing a using directive or an assembly reference?) [D:\work\sdk2\sdk\cognitivelanguage\Azure.AI.Language.Text.Authoring\src\Azure.AI.Language.Text.Authoring.csproj::TargetFramework=net8.0]
D:\work\sdk2\sdk\cognitivelanguage\Azure.AI.Language.Text.Authoring\src\TextAuthoringClientBuilderExtensions.cs(10,6): error CS0246: The type or namespace name 'CodeGenModel' could not be found (are you missing a using directive or an assembly reference?) [D:\work\sdk2\sdk\cognitivelanguage\Azure.AI.Language.Text.Authoring\src\Azure.AI.Language.Text.Authoring.csproj::TargetFramework=net8.0]
D:\work\sdk2\sdk\cognitivelanguage\Azure.AI.Language.Text.Authoring\src\TextAnalysisAuthoringModelFactory.cs(9,6): error CS0246: The type or namespace name 'CodeGenModelAttribute' could not be found (are you missing a using directive or an assembly reference?) [D:\work\sdk2\sdk\cognitivelanguage\Azure.AI.Language.Text.Authoring\src\Azure.AI.Language.Text.Authoring.csproj::TargetFramework=net8.0]
D:\work\sdk2\sdk\cognitivelanguage\Azure.AI.Language.Text.Authoring\src\TextAnalysisAuthoringModelFactory.cs(9,6): error CS0246: The type or namespace name 'CodeGenModel' could not be found (are you missing a using directive or an assembly reference?) [D:\work\sdk2\sdk\cognitivelanguage\Azure.AI.Language.Text.Authoring\src\Azure.AI.Language.Text.Authoring.csproj::TargetFramework=net8.0]
D:\work\sdk2\sdk\cognitivelanguage\Azure.AI.Language.Text.Authoring\src\TextAnalysisAuthoringClient.cs(12,6): error CS0246: The type or namespace name 'CodeGenClientAttribute' could not be found (are you missing a using directive or an assembly reference?) [D:\work\sdk2\sdk\cognitivelanguage\Azure.AI.Language.Text.Authoring\src\Azure.AI.Language.Text.Authoring.csproj::TargetFramework=net8.0]
D:\work\sdk2\sdk\cognitivelanguage\Azure.AI.Language.Text.Authoring\src\TextAnalysisAuthoringClient.cs(12,6): error CS0246: The type or namespace name 'CodeGenClient' could not be found (are you missing a using directive or an assembly reference?) [D:\work\sdk2\sdk\cognitivelanguage\Azure.AI.Language.Text.Authoring\src\Azure.AI.Language.Text.Authoring.csproj::TargetFramework=net8.0]
    0 Warning(s)
    20 Error(s)

Time Elapsed 00:01:38.99

