=== Code Build Log ===
Date: 2025-10-21 20:59:33
Service: confidentialledger
Service Path: D:\work\sdk2\verify_azure_generator\..\sdk\confidentialledger\Azure.Security.CodeTransparency
Command: dotnet build
Exit Code: 1

=== Build Output ===
  Determining projects to restore...
  All projects are up-to-date for restore.
  Azure.Core.TestFramework -> D:\work\sdk2\artifacts\bin\Azure.Core.TestFramework\Debug\net462\Azure.Core.TestFramework.dll
  Azure.Core.TestFramework -> D:\work\sdk2\artifacts\bin\Azure.Core.TestFramework\Debug\net47\Azure.Core.TestFramework.dll
  Azure.Core.TestFramework -> D:\work\sdk2\artifacts\bin\Azure.Core.TestFramework\Debug\net8.0\Azure.Core.TestFramework.dll
D:\work\sdk2\sdk\confidentialledger\Azure.Security.CodeTransparency\src\CodeTransparencyClient.cs(54,13): error CS0103: The name '_pipeline' does not exist in the current context [D:\work\sdk2\sdk\confidentialledger\Azure.Security.CodeTransparency\src\Azure.Security.CodeTransparency.csproj::TargetFramework=netstandard2.0]
D:\work\sdk2\sdk\confidentialledger\Azure.Security.CodeTransparency\src\CodeTransparencyClient.cs(196,38): error CS0103: The name 'FromCancellationToken' does not exist in the current context [D:\work\sdk2\sdk\confidentialledger\Azure.Security.CodeTransparency\src\Azure.Security.CodeTransparency.csproj::TargetFramework=netstandard2.0]
D:\work\sdk2\sdk\confidentialledger\Azure.Security.CodeTransparency\src\CodeTransparencyClient.cs(202,37): error CS0103: The name '_pipeline' does not exist in the current context [D:\work\sdk2\sdk\confidentialledger\Azure.Security.CodeTransparency\src\Azure.Security.CodeTransparency.csproj::TargetFramework=netstandard2.0]
D:\work\sdk2\sdk\confidentialledger\Azure.Security.CodeTransparency\src\CodeTransparencyClient.cs(245,38): error CS0103: The name 'FromCancellationToken' does not exist in the current context [D:\work\sdk2\sdk\confidentialledger\Azure.Security.CodeTransparency\src\Azure.Security.CodeTransparency.csproj::TargetFramework=netstandard2.0]
D:\work\sdk2\sdk\confidentialledger\Azure.Security.CodeTransparency\src\CodeTransparencyClient.cs(251,43): error CS0103: The name '_pipeline' does not exist in the current context [D:\work\sdk2\sdk\confidentialledger\Azure.Security.CodeTransparency\src\Azure.Security.CodeTransparency.csproj::TargetFramework=netstandard2.0]
D:\work\sdk2\sdk\confidentialledger\Azure.Security.CodeTransparency\src\CodeTransparencyClient.cs(545,27): error CS0103: The name '_pipeline' does not exist in the current context [D:\work\sdk2\sdk\confidentialledger\Azure.Security.CodeTransparency\src\Azure.Security.CodeTransparency.csproj::TargetFramework=netstandard2.0]
D:\work\sdk2\sdk\confidentialledger\Azure.Security.CodeTransparency\src\CodeTransparencyClient.cs(559,27): error CS0103: The name '_pipeline' does not exist in the current context [D:\work\sdk2\sdk\confidentialledger\Azure.Security.CodeTransparency\src\Azure.Security.CodeTransparency.csproj::TargetFramework=netstandard2.0]
D:\work\sdk2\sdk\confidentialledger\Azure.Security.CodeTransparency\src\CodeTransparencyClient.cs(573,27): error CS0103: The name '_pipeline' does not exist in the current context [D:\work\sdk2\sdk\confidentialledger\Azure.Security.CodeTransparency\src\Azure.Security.CodeTransparency.csproj::TargetFramework=netstandard2.0]
D:\work\sdk2\sdk\confidentialledger\Azure.Security.CodeTransparency\src\CodeTransparencyClient.cs(589,27): error CS0103: The name '_pipeline' does not exist in the current context [D:\work\sdk2\sdk\confidentialledger\Azure.Security.CodeTransparency\src\Azure.Security.CodeTransparency.csproj::TargetFramework=netstandard2.0]
D:\work\sdk2\sdk\confidentialledger\Azure.Security.CodeTransparency\src\CodeTransparencyClient.cs(604,27): error CS0103: The name '_pipeline' does not exist in the current context [D:\work\sdk2\sdk\confidentialledger\Azure.Security.CodeTransparency\src\Azure.Security.CodeTransparency.csproj::TargetFramework=netstandard2.0]
D:\work\sdk2\sdk\confidentialledger\Azure.Security.CodeTransparency\src\CodeTransparencyClient.cs(619,27): error CS0103: The name '_pipeline' does not exist in the current context [D:\work\sdk2\sdk\confidentialledger\Azure.Security.CodeTransparency\src\Azure.Security.CodeTransparency.csproj::TargetFramework=netstandard2.0]
D:\work\sdk2\sdk\confidentialledger\Azure.Security.CodeTransparency\src\CodeTransparencyClient.cs(54,13): error CS0103: The name '_pipeline' does not exist in the current context [D:\work\sdk2\sdk\confidentialledger\Azure.Security.CodeTransparency\src\Azure.Security.CodeTransparency.csproj::TargetFramework=net8.0]
D:\work\sdk2\sdk\confidentialledger\Azure.Security.CodeTransparency\src\CodeTransparencyClient.cs(196,38): error CS0103: The name 'FromCancellationToken' does not exist in the current context [D:\work\sdk2\sdk\confidentialledger\Azure.Security.CodeTransparency\src\Azure.Security.CodeTransparency.csproj::TargetFramework=net8.0]
D:\work\sdk2\sdk\confidentialledger\Azure.Security.CodeTransparency\src\CodeTransparencyClient.cs(202,37): error CS0103: The name '_pipeline' does not exist in the current context [D:\work\sdk2\sdk\confidentialledger\Azure.Security.CodeTransparency\src\Azure.Security.CodeTransparency.csproj::TargetFramework=net8.0]
D:\work\sdk2\sdk\confidentialledger\Azure.Security.CodeTransparency\src\CodeTransparencyClient.cs(245,38): error CS0103: The name 'FromCancellationToken' does not exist in the current context [D:\work\sdk2\sdk\confidentialledger\Azure.Security.CodeTransparency\src\Azure.Security.CodeTransparency.csproj::TargetFramework=net8.0]
D:\work\sdk2\sdk\confidentialledger\Azure.Security.CodeTransparency\src\CodeTransparencyClient.cs(251,43): error CS0103: The name '_pipeline' does not exist in the current context [D:\work\sdk2\sdk\confidentialledger\Azure.Security.CodeTransparency\src\Azure.Security.CodeTransparency.csproj::TargetFramework=net8.0]
D:\work\sdk2\sdk\confidentialledger\Azure.Security.CodeTransparency\src\CodeTransparencyClient.cs(545,27): error CS0103: The name '_pipeline' does not exist in the current context [D:\work\sdk2\sdk\confidentialledger\Azure.Security.CodeTransparency\src\Azure.Security.CodeTransparency.csproj::TargetFramework=net8.0]
D:\work\sdk2\sdk\confidentialledger\Azure.Security.CodeTransparency\src\CodeTransparencyClient.cs(559,27): error CS0103: The name '_pipeline' does not exist in the current context [D:\work\sdk2\sdk\confidentialledger\Azure.Security.CodeTransparency\src\Azure.Security.CodeTransparency.csproj::TargetFramework=net8.0]
D:\work\sdk2\sdk\confidentialledger\Azure.Security.CodeTransparency\src\CodeTransparencyClient.cs(573,27): error CS0103: The name '_pipeline' does not exist in the current context [D:\work\sdk2\sdk\confidentialledger\Azure.Security.CodeTransparency\src\Azure.Security.CodeTransparency.csproj::TargetFramework=net8.0]
D:\work\sdk2\sdk\confidentialledger\Azure.Security.CodeTransparency\src\CodeTransparencyClient.cs(589,27): error CS0103: The name '_pipeline' does not exist in the current context [D:\work\sdk2\sdk\confidentialledger\Azure.Security.CodeTransparency\src\Azure.Security.CodeTransparency.csproj::TargetFramework=net8.0]
D:\work\sdk2\sdk\confidentialledger\Azure.Security.CodeTransparency\src\CodeTransparencyClient.cs(604,27): error CS0103: The name '_pipeline' does not exist in the current context [D:\work\sdk2\sdk\confidentialledger\Azure.Security.CodeTransparency\src\Azure.Security.CodeTransparency.csproj::TargetFramework=net8.0]
D:\work\sdk2\sdk\confidentialledger\Azure.Security.CodeTransparency\src\CodeTransparencyClient.cs(619,27): error CS0103: The name '_pipeline' does not exist in the current context [D:\work\sdk2\sdk\confidentialledger\Azure.Security.CodeTransparency\src\Azure.Security.CodeTransparency.csproj::TargetFramework=net8.0]
  Azure.Core.TestFramework -> D:\work\sdk2\artifacts\bin\Azure.Core.TestFramework\Debug\net9.0\Azure.Core.TestFramework.dll

Build FAILED.

D:\work\sdk2\sdk\confidentialledger\Azure.Security.CodeTransparency\src\CodeTransparencyClient.cs(54,13): error CS0103: The name '_pipeline' does not exist in the current context [D:\work\sdk2\sdk\confidentialledger\Azure.Security.CodeTransparency\src\Azure.Security.CodeTransparency.csproj::TargetFramework=netstandard2.0]
D:\work\sdk2\sdk\confidentialledger\Azure.Security.CodeTransparency\src\CodeTransparencyClient.cs(196,38): error CS0103: The name 'FromCancellationToken' does not exist in the current context [D:\work\sdk2\sdk\confidentialledger\Azure.Security.CodeTransparency\src\Azure.Security.CodeTransparency.csproj::TargetFramework=netstandard2.0]
D:\work\sdk2\sdk\confidentialledger\Azure.Security.CodeTransparency\src\CodeTransparencyClient.cs(202,37): error CS0103: The name '_pipeline' does not exist in the current context [D:\work\sdk2\sdk\confidentialledger\Azure.Security.CodeTransparency\src\Azure.Security.CodeTransparency.csproj::TargetFramework=netstandard2.0]
D:\work\sdk2\sdk\confidentialledger\Azure.Security.CodeTransparency\src\CodeTransparencyClient.cs(245,38): error CS0103: The name 'FromCancellationToken' does not exist in the current context [D:\work\sdk2\sdk\confidentialledger\Azure.Security.CodeTransparency\src\Azure.Security.CodeTransparency.csproj::TargetFramework=netstandard2.0]
D:\work\sdk2\sdk\confidentialledger\Azure.Security.CodeTransparency\src\CodeTransparencyClient.cs(251,43): error CS0103: The name '_pipeline' does not exist in the current context [D:\work\sdk2\sdk\confidentialledger\Azure.Security.CodeTransparency\src\Azure.Security.CodeTransparency.csproj::TargetFramework=netstandard2.0]
D:\work\sdk2\sdk\confidentialledger\Azure.Security.CodeTransparency\src\CodeTransparencyClient.cs(545,27): error CS0103: The name '_pipeline' does not exist in the current context [D:\work\sdk2\sdk\confidentialledger\Azure.Security.CodeTransparency\src\Azure.Security.CodeTransparency.csproj::TargetFramework=netstandard2.0]
D:\work\sdk2\sdk\confidentialledger\Azure.Security.CodeTransparency\src\CodeTransparencyClient.cs(559,27): error CS0103: The name '_pipeline' does not exist in the current context [D:\work\sdk2\sdk\confidentialledger\Azure.Security.CodeTransparency\src\Azure.Security.CodeTransparency.csproj::TargetFramework=netstandard2.0]
D:\work\sdk2\sdk\confidentialledger\Azure.Security.CodeTransparency\src\CodeTransparencyClient.cs(573,27): error CS0103: The name '_pipeline' does not exist in the current context [D:\work\sdk2\sdk\confidentialledger\Azure.Security.CodeTransparency\src\Azure.Security.CodeTransparency.csproj::TargetFramework=netstandard2.0]
D:\work\sdk2\sdk\confidentialledger\Azure.Security.CodeTransparency\src\CodeTransparencyClient.cs(589,27): error CS0103: The name '_pipeline' does not exist in the current context [D:\work\sdk2\sdk\confidentialledger\Azure.Security.CodeTransparency\src\Azure.Security.CodeTransparency.csproj::TargetFramework=netstandard2.0]
D:\work\sdk2\sdk\confidentialledger\Azure.Security.CodeTransparency\src\CodeTransparencyClient.cs(604,27): error CS0103: The name '_pipeline' does not exist in the current context [D:\work\sdk2\sdk\confidentialledger\Azure.Security.CodeTransparency\src\Azure.Security.CodeTransparency.csproj::TargetFramework=netstandard2.0]
D:\work\sdk2\sdk\confidentialledger\Azure.Security.CodeTransparency\src\CodeTransparencyClient.cs(619,27): error CS0103: The name '_pipeline' does not exist in the current context [D:\work\sdk2\sdk\confidentialledger\Azure.Security.CodeTransparency\src\Azure.Security.CodeTransparency.csproj::TargetFramework=netstandard2.0]
D:\work\sdk2\sdk\confidentialledger\Azure.Security.CodeTransparency\src\CodeTransparencyClient.cs(54,13): error CS0103: The name '_pipeline' does not exist in the current context [D:\work\sdk2\sdk\confidentialledger\Azure.Security.CodeTransparency\src\Azure.Security.CodeTransparency.csproj::TargetFramework=net8.0]
D:\work\sdk2\sdk\confidentialledger\Azure.Security.CodeTransparency\src\CodeTransparencyClient.cs(196,38): error CS0103: The name 'FromCancellationToken' does not exist in the current context [D:\work\sdk2\sdk\confidentialledger\Azure.Security.CodeTransparency\src\Azure.Security.CodeTransparency.csproj::TargetFramework=net8.0]
D:\work\sdk2\sdk\confidentialledger\Azure.Security.CodeTransparency\src\CodeTransparencyClient.cs(202,37): error CS0103: The name '_pipeline' does not exist in the current context [D:\work\sdk2\sdk\confidentialledger\Azure.Security.CodeTransparency\src\Azure.Security.CodeTransparency.csproj::TargetFramework=net8.0]
D:\work\sdk2\sdk\confidentialledger\Azure.Security.CodeTransparency\src\CodeTransparencyClient.cs(245,38): error CS0103: The name 'FromCancellationToken' does not exist in the current context [D:\work\sdk2\sdk\confidentialledger\Azure.Security.CodeTransparency\src\Azure.Security.CodeTransparency.csproj::TargetFramework=net8.0]
D:\work\sdk2\sdk\confidentialledger\Azure.Security.CodeTransparency\src\CodeTransparencyClient.cs(251,43): error CS0103: The name '_pipeline' does not exist in the current context [D:\work\sdk2\sdk\confidentialledger\Azure.Security.CodeTransparency\src\Azure.Security.CodeTransparency.csproj::TargetFramework=net8.0]
D:\work\sdk2\sdk\confidentialledger\Azure.Security.CodeTransparency\src\CodeTransparencyClient.cs(545,27): error CS0103: The name '_pipeline' does not exist in the current context [D:\work\sdk2\sdk\confidentialledger\Azure.Security.CodeTransparency\src\Azure.Security.CodeTransparency.csproj::TargetFramework=net8.0]
D:\work\sdk2\sdk\confidentialledger\Azure.Security.CodeTransparency\src\CodeTransparencyClient.cs(559,27): error CS0103: The name '_pipeline' does not exist in the current context [D:\work\sdk2\sdk\confidentialledger\Azure.Security.CodeTransparency\src\Azure.Security.CodeTransparency.csproj::TargetFramework=net8.0]
D:\work\sdk2\sdk\confidentialledger\Azure.Security.CodeTransparency\src\CodeTransparencyClient.cs(573,27): error CS0103: The name '_pipeline' does not exist in the current context [D:\work\sdk2\sdk\confidentialledger\Azure.Security.CodeTransparency\src\Azure.Security.CodeTransparency.csproj::TargetFramework=net8.0]
D:\work\sdk2\sdk\confidentialledger\Azure.Security.CodeTransparency\src\CodeTransparencyClient.cs(589,27): error CS0103: The name '_pipeline' does not exist in the current context [D:\work\sdk2\sdk\confidentialledger\Azure.Security.CodeTransparency\src\Azure.Security.CodeTransparency.csproj::TargetFramework=net8.0]
D:\work\sdk2\sdk\confidentialledger\Azure.Security.CodeTransparency\src\CodeTransparencyClient.cs(604,27): error CS0103: The name '_pipeline' does not exist in the current context [D:\work\sdk2\sdk\confidentialledger\Azure.Security.CodeTransparency\src\Azure.Security.CodeTransparency.csproj::TargetFramework=net8.0]
D:\work\sdk2\sdk\confidentialledger\Azure.Security.CodeTransparency\src\CodeTransparencyClient.cs(619,27): error CS0103: The name '_pipeline' does not exist in the current context [D:\work\sdk2\sdk\confidentialledger\Azure.Security.CodeTransparency\src\Azure.Security.CodeTransparency.csproj::TargetFramework=net8.0]
    0 Warning(s)
    22 Error(s)

Time Elapsed 00:00:03.77

